// Jest Snapshot v1, https://goo.gl/fbAQLP

exports[`HotelCard should render the hotel data 1`] = `"<div class=\\"sc-bdVaJa jNhWPJ\\"><div class=\\"image sc-bwzfXH bhhbHv\\"></div><div class=\\"sc-htpNat fXoYiV\\"><div class=\\"hotel-name\\">Omni Chicago Hotel &amp; Suites Magnificent Mile</div><div class=\\"location\\">üìç Magnificent Mile</div></div><div class=\\"sc-bxivhb kBRbYc\\"><div><div class=\\"price\\"><span>&#36;</span>579</div><div class=\\"price-subtitle\\">per night</div></div><div class=\\"sc-ifAKCX iodTwd\\"><div class=\\"earn\\">Earn</div><div class=\\"miles-section\\"><span class=\\"mile-amount\\">10,000 </span><span class=\\"miles\\">miles</span></div></div><button class=\\"sc-EHOje hVOSSJ\\">Select</button></div></div>"`;
