// Jest Snapshot v1, https://goo.gl/fbAQLP

exports[`HotelList should display a list of hotel data in the default sort order 1`] = `"<div class=\\"sc-dnqmqq hLiXFM\\"><div class=\\"sc-bdVaJa jNhWPJ\\"><div class=\\"image sc-bwzfXH bhhbHv\\"></div><div class=\\"sc-htpNat fXoYiV\\"><div class=\\"hotel-name\\">Omni Chicago Hotel &amp; Suites Magnificent Mile</div><div class=\\"location\\">📍 Magnificent Mile</div></div><div class=\\"sc-bxivhb kBRbYc\\"><div><div class=\\"price\\"><span>$</span>579</div><div class=\\"price-subtitle\\">per night</div></div><div class=\\"sc-ifAKCX iodTwd\\"><div class=\\"earn\\">Earn</div><div class=\\"miles-section\\"><span class=\\"mile-amount\\">10,000 </span><span class=\\"miles\\">miles</span></div></div><button class=\\"sc-EHOje hVOSSJ\\">Select</button></div></div><div class=\\"sc-bdVaJa jNhWPJ\\"><div class=\\"image sc-bwzfXH iDBycH\\"></div><div class=\\"sc-htpNat fXoYiV\\"><div class=\\"hotel-name\\">Homewood Suites by Hilton Chicago-Lincolnshire</div><div class=\\"location\\">📍 Lincolnshire</div></div><div class=\\"sc-bxivhb kBRbYc\\"><div><div class=\\"price\\"><span>$</span>123</div><div class=\\"price-subtitle\\">per night</div></div><div class=\\"sc-ifAKCX iodTwd\\"><div class=\\"earn\\">Earn</div><div class=\\"miles-section\\"><span class=\\"mile-amount\\">12,000 </span><span class=\\"miles\\">miles</span></div></div><button class=\\"sc-EHOje hVOSSJ\\">Select</button></div></div><div class=\\"sc-bdVaJa jNhWPJ\\"><div class=\\"image sc-bwzfXH hlJqdV\\"></div><div class=\\"sc-htpNat fXoYiV\\"><div class=\\"hotel-name\\">Chicago Marriott Downtown Magnificent Mile</div><div class=\\"location\\">📍 Magnificent Mile</div></div><div class=\\"sc-bxivhb kBRbYc\\"><div><div class=\\"price\\"><span>$</span>234</div><div class=\\"price-subtitle\\">per night</div></div><div class=\\"sc-ifAKCX iodTwd\\"><div class=\\"earn\\">Earn</div><div class=\\"miles-section\\"><span class=\\"mile-amount\\">8,000 </span><span class=\\"miles\\">miles</span></div></div><button class=\\"sc-EHOje hVOSSJ\\">Select</button></div></div></div>"`;

exports[`HotelList should display a not found page if there are no results for the selected filters 1`] = `"<div class=\\"sc-dnqmqq hLiXFM\\"><div class=\\"sc-bZQynM fEXQKa\\"><img src=\\"test-file-stub\\" class=\\"sc-gzVnrw duVirr\\"><h1 class=\\"message-title\\">No matches found for 'no-results'</h1><div class=\\"message\\">Please try modifying your selection criteria.</div></div></div>"`;

exports[`HotelList should filter the hotels by name 1`] = `"<div class=\\"sc-dnqmqq hLiXFM\\"><div class=\\"sc-bdVaJa jNhWPJ\\"><div class=\\"image sc-bwzfXH bhhbHv\\"></div><div class=\\"sc-htpNat fXoYiV\\"><div class=\\"hotel-name\\">Omni Chicago Hotel &amp; Suites Magnificent Mile</div><div class=\\"location\\">📍 Magnificent Mile</div></div><div class=\\"sc-bxivhb kBRbYc\\"><div><div class=\\"price\\"><span>$</span>579</div><div class=\\"price-subtitle\\">per night</div></div><div class=\\"sc-ifAKCX iodTwd\\"><div class=\\"earn\\">Earn</div><div class=\\"miles-section\\"><span class=\\"mile-amount\\">10,000 </span><span class=\\"miles\\">miles</span></div></div><button class=\\"sc-EHOje hVOSSJ\\">Select</button></div></div></div>"`;

exports[`HotelList should show all returned hotels in default order when filters are reset 1`] = `"<div class=\\"sc-dnqmqq hLiXFM\\"><div class=\\"sc-bdVaJa jNhWPJ\\"><div class=\\"image sc-bwzfXH bhhbHv\\"></div><div class=\\"sc-htpNat fXoYiV\\"><div class=\\"hotel-name\\">Omni Chicago Hotel &amp; Suites Magnificent Mile</div><div class=\\"location\\">📍 Magnificent Mile</div></div><div class=\\"sc-bxivhb kBRbYc\\"><div><div class=\\"price\\"><span>$</span>579</div><div class=\\"price-subtitle\\">per night</div></div><div class=\\"sc-ifAKCX iodTwd\\"><div class=\\"earn\\">Earn</div><div class=\\"miles-section\\"><span class=\\"mile-amount\\">10,000 </span><span class=\\"miles\\">miles</span></div></div><button class=\\"sc-EHOje hVOSSJ\\">Select</button></div></div><div class=\\"sc-bdVaJa jNhWPJ\\"><div class=\\"image sc-bwzfXH iDBycH\\"></div><div class=\\"sc-htpNat fXoYiV\\"><div class=\\"hotel-name\\">Homewood Suites by Hilton Chicago-Lincolnshire</div><div class=\\"location\\">📍 Lincolnshire</div></div><div class=\\"sc-bxivhb kBRbYc\\"><div><div class=\\"price\\"><span>$</span>123</div><div class=\\"price-subtitle\\">per night</div></div><div class=\\"sc-ifAKCX iodTwd\\"><div class=\\"earn\\">Earn</div><div class=\\"miles-section\\"><span class=\\"mile-amount\\">12,000 </span><span class=\\"miles\\">miles</span></div></div><button class=\\"sc-EHOje hVOSSJ\\">Select</button></div></div><div class=\\"sc-bdVaJa jNhWPJ\\"><div class=\\"image sc-bwzfXH hlJqdV\\"></div><div class=\\"sc-htpNat fXoYiV\\"><div class=\\"hotel-name\\">Chicago Marriott Downtown Magnificent Mile</div><div class=\\"location\\">📍 Magnificent Mile</div></div><div class=\\"sc-bxivhb kBRbYc\\"><div><div class=\\"price\\"><span>$</span>234</div><div class=\\"price-subtitle\\">per night</div></div><div class=\\"sc-ifAKCX iodTwd\\"><div class=\\"earn\\">Earn</div><div class=\\"miles-section\\"><span class=\\"mile-amount\\">8,000 </span><span class=\\"miles\\">miles</span></div></div><button class=\\"sc-EHOje hVOSSJ\\">Select</button></div></div></div>"`;

exports[`HotelList should sort the hotels by price in ascending order 1`] = `"<div class=\\"sc-dnqmqq hLiXFM\\"><div class=\\"sc-bdVaJa jNhWPJ\\"><div class=\\"image sc-bwzfXH iDBycH\\"></div><div class=\\"sc-htpNat fXoYiV\\"><div class=\\"hotel-name\\">Homewood Suites by Hilton Chicago-Lincolnshire</div><div class=\\"location\\">📍 Lincolnshire</div></div><div class=\\"sc-bxivhb kBRbYc\\"><div><div class=\\"price\\"><span>$</span>123</div><div class=\\"price-subtitle\\">per night</div></div><div class=\\"sc-ifAKCX iodTwd\\"><div class=\\"earn\\">Earn</div><div class=\\"miles-section\\"><span class=\\"mile-amount\\">12,000 </span><span class=\\"miles\\">miles</span></div></div><button class=\\"sc-EHOje hVOSSJ\\">Select</button></div></div><div class=\\"sc-bdVaJa jNhWPJ\\"><div class=\\"image sc-bwzfXH hlJqdV\\"></div><div class=\\"sc-htpNat fXoYiV\\"><div class=\\"hotel-name\\">Chicago Marriott Downtown Magnificent Mile</div><div class=\\"location\\">📍 Magnificent Mile</div></div><div class=\\"sc-bxivhb kBRbYc\\"><div><div class=\\"price\\"><span>$</span>234</div><div class=\\"price-subtitle\\">per night</div></div><div class=\\"sc-ifAKCX iodTwd\\"><div class=\\"earn\\">Earn</div><div class=\\"miles-section\\"><span class=\\"mile-amount\\">8,000 </span><span class=\\"miles\\">miles</span></div></div><button class=\\"sc-EHOje hVOSSJ\\">Select</button></div></div><div class=\\"sc-bdVaJa jNhWPJ\\"><div class=\\"image sc-bwzfXH bhhbHv\\"></div><div class=\\"sc-htpNat fXoYiV\\"><div class=\\"hotel-name\\">Omni Chicago Hotel &amp; Suites Magnificent Mile</div><div class=\\"location\\">📍 Magnificent Mile</div></div><div class=\\"sc-bxivhb kBRbYc\\"><div><div class=\\"price\\"><span>$</span>579</div><div class=\\"price-subtitle\\">per night</div></div><div class=\\"sc-ifAKCX iodTwd\\"><div class=\\"earn\\">Earn</div><div class=\\"miles-section\\"><span class=\\"mile-amount\\">10,000 </span><span class=\\"miles\\">miles</span></div></div><button class=\\"sc-EHOje hVOSSJ\\">Select</button></div></div></div>"`;

exports[`HotelList should sort the hotels by price in descending order 1`] = `"<div class=\\"sc-dnqmqq hLiXFM\\"><div class=\\"sc-bdVaJa jNhWPJ\\"><div class=\\"image sc-bwzfXH bhhbHv\\"></div><div class=\\"sc-htpNat fXoYiV\\"><div class=\\"hotel-name\\">Omni Chicago Hotel &amp; Suites Magnificent Mile</div><div class=\\"location\\">📍 Magnificent Mile</div></div><div class=\\"sc-bxivhb kBRbYc\\"><div><div class=\\"price\\"><span>$</span>579</div><div class=\\"price-subtitle\\">per night</div></div><div class=\\"sc-ifAKCX iodTwd\\"><div class=\\"earn\\">Earn</div><div class=\\"miles-section\\"><span class=\\"mile-amount\\">10,000 </span><span class=\\"miles\\">miles</span></div></div><button class=\\"sc-EHOje hVOSSJ\\">Select</button></div></div><div class=\\"sc-bdVaJa jNhWPJ\\"><div class=\\"image sc-bwzfXH hlJqdV\\"></div><div class=\\"sc-htpNat fXoYiV\\"><div class=\\"hotel-name\\">Chicago Marriott Downtown Magnificent Mile</div><div class=\\"location\\">📍 Magnificent Mile</div></div><div class=\\"sc-bxivhb kBRbYc\\"><div><div class=\\"price\\"><span>$</span>234</div><div class=\\"price-subtitle\\">per night</div></div><div class=\\"sc-ifAKCX iodTwd\\"><div class=\\"earn\\">Earn</div><div class=\\"miles-section\\"><span class=\\"mile-amount\\">8,000 </span><span class=\\"miles\\">miles</span></div></div><button class=\\"sc-EHOje hVOSSJ\\">Select</button></div></div><div class=\\"sc-bdVaJa jNhWPJ\\"><div class=\\"image sc-bwzfXH iDBycH\\"></div><div class=\\"sc-htpNat fXoYiV\\"><div class=\\"hotel-name\\">Homewood Suites by Hilton Chicago-Lincolnshire</div><div class=\\"location\\">📍 Lincolnshire</div></div><div class=\\"sc-bxivhb kBRbYc\\"><div><div class=\\"price\\"><span>$</span>123</div><div class=\\"price-subtitle\\">per night</div></div><div class=\\"sc-ifAKCX iodTwd\\"><div class=\\"earn\\">Earn</div><div class=\\"miles-section\\"><span class=\\"mile-amount\\">12,000 </span><span class=\\"miles\\">miles</span></div></div><button class=\\"sc-EHOje hVOSSJ\\">Select</button></div></div></div>"`;
